>>> print_square = __import__('4-print_square').print_square

# valid size
>>> print_square(5)
#####
#####
#####
#####
#####

# size negative
>>> print_square(-3)
Traceback (most recent call last):
ValueError: size must be >= 0

# size with character
>>> print_square("n")
Traceback (most recent call last):
TypeError: size must be an integer

# size with string
>>> print_square("salut")
Traceback (most recent call last):
TypeError: size must be an integer

# size with float negative
>>> print_square(-4.15)
Traceback (most recent call last):
TypeError: size must be an integer

# size with float positive
>>> print_square(10.5)
Traceback (most recent call last):
TypeError: size must be an integer
